{
    "Should simplify FASTA headers": {
        "content": [
            {
                "0": [
                    [
                        {
                            "id": "test_sample"
                        },
                        "test_sample.simpleheader.fa:md5,91e1215e830a905d787eebb0fca483c6"
                    ]
                ],
                "1": [
                    "versions.yml:md5,44e0c3ab3d4cc778777deda33238ccb8"
                ],
                "fasta": [
                    [
                        {
                            "id": "test_sample"
                        },
                        "test_sample.simpleheader.fa:md5,91e1215e830a905d787eebb0fca483c6"
                    ]
                ],
                "versions": [
                    "versions.yml:md5,44e0c3ab3d4cc778777deda33238ccb8"
                ]
            }
        ],
        "meta": {
            "nf-test": "0.9.3",
            "nextflow": "25.04.6"
        },
        "timestamp": "2025-10-20T11:07:34.123785391"
    },
    "Should use stub run": {
        "content": [
            {
                "0": [
                    [
                        {
                            "id": "test_stub"
                        },
                        "test_stub.simpleheader.fa:md5,d41d8cd98f00b204e9800998ecf8427e"
                    ]
                ],
                "1": [
                    "versions.yml:md5,11d6840e16566738f3d7d865de3c0fae"
                ],
                "fasta": [
                    [
                        {
                            "id": "test_stub"
                        },
                        "test_stub.simpleheader.fa:md5,d41d8cd98f00b204e9800998ecf8427e"
                    ]
                ],
                "versions": [
                    "versions.yml:md5,11d6840e16566738f3d7d865de3c0fae"
                ]
            }
        ],
        "meta": {
            "nf-test": "0.9.3",
            "nextflow": "25.04.6"
        },
        "timestamp": "2025-10-20T11:07:44.4173385"
    }
}